[*] Detected PySpark 3.5.1 -> resolving GraphFrames package: io.graphframes:graphframes-spark3_2.12:0.12.2
=================================================================
TASK 1: GRAPHFRAME CONSTRUCTION & VALIDATION PIPELINE
=================================================================
[*] Running End-to-End ETL from raw CSV [data/raw/paysim/PS_20174392719_1491204439457_log.csv]...
[*] --sample requested with --from-raw: inducing a ~100k-edge subgraph in-memory (raw_df stays full-size for spot-checks below)...
[*] Instantiating GraphFrame(vertices, edges)...
-----------------------------------------------------------------
GRAPHFRAME TOPOLOGY SUMMARY
-----------------------------------------------------------------
Total Graph Vertices (|V|): 193,721
Total Graph Edges    (|E|): 100,482
Vertices Schema:
root
 |-- id: string (nullable = true)
 |-- account_type: string (nullable = false)
 |-- balance: double (nullable = true)
Edges Schema:
root
 |-- src: string (nullable = true)
 |-- dst: string (nullable = true)
 |-- amount: double (nullable = true)
 |-- step: integer (nullable = true)
 |-- type: string (nullable = true)
 |-- isFraud: short (nullable = true)
-----------------------------------------------------------------
VERIFICATION CHECKS
-----------------------------------------------------------------
  [PASS] Vertices contain ['account_type', 'balance', 'id']
  [PASS] Edges contain ['amount', 'dst', 'isFraud', 'src', 'step', 'type']
  [PASS] Sample referential integrity (0 dangling src, 0 dangling dst)
-----------------------------------------------------------------
RAW-TRANSACTION SPOT-CHECK
-----------------------------------------------------------------
  [PASS] C1509309988 -> M1643141512 @ step 1, amount=1876.44: 1 matching raw row(s)
  [PASS] C1112456099 -> C1225616405 @ step 1, amount=26004.52: 1 matching raw row(s)
  [PASS] C1458091526 -> C747464370 @ step 1, amount=323105.08: 1 matching raw row(s)
  [PASS] C201677908 -> C451111351 @ step 1, amount=480222.51: 1 matching raw row(s)
  [PASS] C1574873161 -> M1591916281 @ step 1, amount=1239.06: 1 matching raw row(s)
-----------------------------------------------------------------
SAMPLE VERTICES (Top 5 Customer & Merchant):
-----------------------------------------------------------------
+-----------+------------+---------+
|id         |account_type|balance  |
+-----------+------------+---------+
|C1574873161|Customer    |395146.94|
|C1692375649|Customer    |57949.84 |
|C1532554556|Customer    |26833.9  |
|C338620258 |Customer    |42855.47 |
|C502891368 |Customer    |0.0      |
+-----------+------------+---------+
only showing top 5 rows
+-----------+------------+-------+
|id         |account_type|balance|
+-----------+------------+-------+
|M80026551  |Merchant    |0.0    |
|M1315795813|Merchant    |0.0    |
|M75356024  |Merchant    |0.0    |
|M56510351  |Merchant    |0.0    |
|M1808527451|Merchant    |0.0    |
+-----------+------------+-------+
only showing top 5 rows
-----------------------------------------------------------------
SAMPLE EDGES (Top 5 Fraudulent Transactions):
-----------------------------------------------------------------
+-----------+-----------+----------+----+--------+-------+
|src        |dst        |amount    |step|type    |isFraud|
+-----------+-----------+----------+----+--------+-------+
|C140702728 |C634210724 |14949.84  |2   |TRANSFER|1      |
|C2079232448|C585834595 |12461.0   |11  |TRANSFER|1      |
|C1137669976|C1526507740|65488.05  |14  |CASH_OUT|1      |
|C494334546 |C428725863 |2701905.3 |16  |TRANSFER|1      |
|C1218322192|C1107369132|1144089.37|18  |TRANSFER|1      |
+-----------+-----------+----------+----+--------+-------+
only showing top 5 rows
-----------------------------------------------------------------
GRAPHFRAMES FUNCTIONAL INTEGRITY PROBE
-----------------------------------------------------------------
[*] Probing In-Degrees (Top 5 Receiver Hubs):
+-----------+--------+
|         id|inDegree|
+-----------+--------+
| C938993659|       6|
|C2030602460|       6|
| C617718970|       5|
| C694839216|       5|
| C785371581|       5|
+-----------+--------+
only showing top 5 rows
[*] Probing Out-Degrees (Top 5 Sender Hubs):
+-----------+---------+
|         id|outDegree|
+-----------+---------+
|C1432853687|        2|
|C1109429562|        2|
| C928182170|        2|
| C726386047|        2|
|C1574873161|        1|
+-----------+---------+
only showing top 5 rows
=================================================================
[+] Task 1 Completed Successfully. GraphFrame is fully operational.
=================================================================
